[Fri Jan 12 16:01:10.089944 2018] [php7:warn] [pid 1569] [client 127.0.0.1:55246] PHP Warning:  require_once(/srv/http/api.com/core/autoload.php): failed to open stream: No such file or directory in /srv/http/api.com/index.php on line 4
[Fri Jan 12 16:01:10.090109 2018] [php7:error] [pid 1569] [client 127.0.0.1:55246] PHP Fatal error:  require_once(): Failed opening required '/srv/http/api.com/core/autoload.php' (include_path='.:') in /srv/http/api.com/index.php on line 4
[Fri Jan 12 16:01:38.823340 2018] [php7:error] [pid 1588] [client 127.0.0.1:55260] PHP Fatal error:  Uncaught Error: Class 'app\\Routing' not found in /srv/http/api.com/index.php:7\nStack trace:\n#0 {main}\n  thrown in /srv/http/api.com/index.php on line 7
[Fri Jan 12 16:02:49.572475 2018] [php7:error] [pid 1589] [client 127.0.0.1:55268] PHP Fatal error:  Uncaught Error: Class 'app\\Routing' not found in /srv/http/api.com/index.php:7\nStack trace:\n#0 {main}\n  thrown in /srv/http/api.com/index.php on line 7
[Fri Jan 12 16:03:10.623041 2018] [php7:error] [pid 1566] [client 127.0.0.1:55272] PHP Fatal error:  Uncaught Error: Class 'app\\Routing' not found in /srv/http/api.com/index.php:7\nStack trace:\n#0 {main}\n  thrown in /srv/http/api.com/index.php on line 7
[Fri Jan 12 16:05:19.937871 2018] [php7:error] [pid 1565] [client 127.0.0.1:55308] PHP Fatal error:  Uncaught Error: Class 'app\\Routing' not found in /srv/http/api.com/index.php:7\nStack trace:\n#0 {main}\n  thrown in /srv/http/api.com/index.php on line 7
[Fri Jan 12 16:08:50.258319 2018] [php7:error] [pid 1569] [client 127.0.0.1:55348] PHP Fatal error:  Uncaught Error: Class 'app\\Home' not found in /srv/http/api.com/index.php:11\nStack trace:\n#0 {main}\n  thrown in /srv/http/api.com/index.php on line 11
[Fri Jan 12 16:09:30.061669 2018] [php7:error] [pid 1580] [client 127.0.0.1:55350] PHP Fatal error:  Uncaught Error: Call to undefined method core\\Routing::test2() in /srv/http/api.com/index.php:12\nStack trace:\n#0 {main}\n  thrown in /srv/http/api.com/index.php on line 12
[Fri Jan 12 16:09:39.816544 2018] [php7:error] [pid 1588] [client 127.0.0.1:55352] PHP Fatal error:  Uncaught Error: Call to undefined method core\\Routing::test2() in /srv/http/api.com/index.php:12\nStack trace:\n#0 {main}\n  thrown in /srv/http/api.com/index.php on line 12
[Fri Jan 12 16:09:48.290736 2018] [php7:error] [pid 1589] [client 127.0.0.1:55354] PHP Fatal error:  Uncaught Error: Class 'core\\Routing' not found in /srv/http/api.com/index.php:8\nStack trace:\n#0 {main}\n  thrown in /srv/http/api.com/index.php on line 8
[Fri Jan 12 16:09:59.920906 2018] [php7:notice] [pid 1566] [client 127.0.0.1:55356] PHP Notice:  Undefined variable: inst in /srv/http/api.com/index.php on line 12
[Fri Jan 12 16:09:59.921034 2018] [php7:error] [pid 1566] [client 127.0.0.1:55356] PHP Fatal error:  Uncaught Error: Call to a member function test2() on null in /srv/http/api.com/index.php:12\nStack trace:\n#0 {main}\n  thrown in /srv/http/api.com/index.php on line 12
[Fri Jan 12 16:10:23.944289 2018] [php7:error] [pid 1567] [client 127.0.0.1:55360] PHP Fatal error:  Uncaught Error: Class 'app\\Home' not found in /srv/http/api.com/index.php:11\nStack trace:\n#0 {main}\n  thrown in /srv/http/api.com/index.php on line 11
[Fri Jan 12 16:10:33.749754 2018] [php7:error] [pid 1568] [client 127.0.0.1:55362] PHP Fatal error:  Uncaught Error: Class 'app\\Home' not found in /srv/http/api.com/index.php:11\nStack trace:\n#0 {main}\n  thrown in /srv/http/api.com/index.php on line 11
[Fri Jan 12 16:13:22.049760 2018] [php7:error] [pid 1569] [client 127.0.0.1:55384] PHP Fatal error:  Uncaught Error: Class 'app\\Home' not found in /srv/http/api.com/index.php:11\nStack trace:\n#0 {main}\n  thrown in /srv/http/api.com/index.php on line 11
[Fri Jan 12 16:13:44.248255 2018] [php7:error] [pid 1580] [client 127.0.0.1:55386] PHP Fatal error:  Uncaught Error: Class 'app\\Home' not found in /srv/http/api.com/index.php:11\nStack trace:\n#0 {main}\n  thrown in /srv/http/api.com/index.php on line 11
[Fri Jan 12 16:18:51.941981 2018] [php7:warn] [pid 1566] [client 127.0.0.1:55436] PHP Warning:  include(/srv/http/api.com/vendor/composer/../../modules/controllers/Home.php): failed to open stream: No such file or directory in /srv/http/api.com/vendor/composer/ClassLoader.php on line 444
[Fri Jan 12 16:18:51.942081 2018] [php7:warn] [pid 1566] [client 127.0.0.1:55436] PHP Warning:  include(): Failed opening '/srv/http/api.com/vendor/composer/../../modules/controllers/Home.php' for inclusion (include_path='.:') in /srv/http/api.com/vendor/composer/ClassLoader.php on line 444
[Fri Jan 12 16:18:51.942144 2018] [php7:error] [pid 1566] [client 127.0.0.1:55436] PHP Fatal error:  Uncaught Error: Class 'app\\Home' not found in /srv/http/api.com/index.php:11\nStack trace:\n#0 {main}\n  thrown in /srv/http/api.com/index.php on line 11
[Fri Jan 12 16:19:06.097043 2018] [php7:error] [pid 1565] [client 127.0.0.1:55438] PHP Fatal error:  Uncaught Error: Class 'app\\HomeController' not found in /srv/http/api.com/index.php:11\nStack trace:\n#0 {main}\n  thrown in /srv/http/api.com/index.php on line 11
[Fri Jan 12 16:19:07.915079 2018] [php7:error] [pid 1567] [client 127.0.0.1:55440] PHP Fatal error:  Uncaught Error: Class 'app\\HomeController' not found in /srv/http/api.com/index.php:11\nStack trace:\n#0 {main}\n  thrown in /srv/http/api.com/index.php on line 11
[Fri Jan 12 16:19:18.044392 2018] [php7:error] [pid 1568] [client 127.0.0.1:55442] PHP Fatal error:  Uncaught Error: Class 'app\\HomeController' not found in /srv/http/api.com/index.php:11\nStack trace:\n#0 {main}\n  thrown in /srv/http/api.com/index.php on line 11
[Fri Jan 12 16:20:00.800528 2018] [php7:error] [pid 1569] [client 127.0.0.1:55444] PHP Fatal error:  Uncaught Error: Class 'app\\HomeController' not found in /srv/http/api.com/index.php:11\nStack trace:\n#0 {main}\n  thrown in /srv/http/api.com/index.php on line 11
[Fri Jan 12 16:20:25.809284 2018] [php7:error] [pid 1580] [client 127.0.0.1:55446] PHP Fatal error:  Uncaught Error: Class 'app\\Homecontroller' not found in /srv/http/api.com/index.php:11\nStack trace:\n#0 {main}\n  thrown in /srv/http/api.com/index.php on line 11
[Fri Jan 12 16:21:21.869160 2018] [php7:error] [pid 1589] [client 127.0.0.1:55450] PHP Fatal error:  Uncaught Error: Class 'HomeController' not found in /srv/http/api.com/index.php:11\nStack trace:\n#0 {main}\n  thrown in /srv/http/api.com/index.php on line 11
[Fri Jan 12 16:21:23.113886 2018] [php7:error] [pid 1566] [client 127.0.0.1:55452] PHP Fatal error:  Uncaught Error: Class 'HomeController' not found in /srv/http/api.com/index.php:11\nStack trace:\n#0 {main}\n  thrown in /srv/http/api.com/index.php on line 11
[Fri Jan 12 16:41:48.267501 2018] [php7:emerg] [pid 1589] [client 127.0.0.1:55838] PHP Parse error:  syntax error, unexpected ';', expecting ']' in /srv/http/api.com/config/web.php on line 6
[Fri Jan 12 16:59:02.289870 2018] [php7:emerg] [pid 1569] [client 127.0.0.1:56012] PHP Parse error:  syntax error, unexpected 'as' (T_AS) in /srv/http/api.com/core/Routing.php on line 16
[Fri Jan 12 16:59:18.108762 2018] [php7:notice] [pid 1580] [client 127.0.0.1:56014] PHP Notice:  Undefined variable: urle in /srv/http/api.com/core/Routing.php on line 15
[Fri Jan 12 16:59:18.109095 2018] [php7:notice] [pid 1580] [client 127.0.0.1:56014] PHP Notice:  Undefined variable: controller in /srv/http/api.com/core/Routing.php on line 24
[Fri Jan 12 16:59:18.109236 2018] [php7:notice] [pid 1580] [client 127.0.0.1:56014] PHP Notice:  Undefined variable: action in /srv/http/api.com/core/Routing.php on line 24
[Fri Jan 12 16:59:18.109333 2018] [php7:notice] [pid 1580] [client 127.0.0.1:56014] PHP Notice:  Undefined variable: argguments in /srv/http/api.com/core/Routing.php on line 24
[Fri Jan 12 16:59:18.109506 2018] [php7:error] [pid 1580] [client 127.0.0.1:56014] PHP Fatal error:  Uncaught Error: Class 'core\\Exception' not found in /srv/http/api.com/core/Routing.php:30\nStack trace:\n#0 /srv/http/api.com/core/Routing.php(24): core\\Routing->inst(NULL, NULL, NULL)\n#1 /srv/http/api.com/index.php(12): core\\Routing->route('http://api.com/', Array)\n#2 {main}\n  thrown in /srv/http/api.com/core/Routing.php on line 30
[Fri Jan 12 17:00:10.620017 2018] [php7:error] [pid 1588] [client 127.0.0.1:56016] PHP Fatal error:  Uncaught Error: Class 'core\\Exception' not found in /srv/http/api.com/core/Routing.php:31\nStack trace:\n#0 /srv/http/api.com/core/Routing.php(25): core\\Routing->inst(NULL, NULL, NULL)\n#1 /srv/http/api.com/index.php(12): core\\Routing->route('http://api.com/', Array)\n#2 {main}\n  thrown in /srv/http/api.com/core/Routing.php on line 31
[Fri Jan 12 17:02:19.162579 2018] [php7:error] [pid 1589] [client 127.0.0.1:56084] PHP Fatal error:  Uncaught Error: Class 'core\\Exception' not found in /srv/http/api.com/core/Routing.php:34\nStack trace:\n#0 /srv/http/api.com/core/Routing.php(25): core\\Routing->inst(NULL, NULL, NULL)\n#1 /srv/http/api.com/index.php(12): core\\Routing->route('http://api.com/', Array)\n#2 {main}\n  thrown in /srv/http/api.com/core/Routing.php on line 34
[Fri Jan 12 17:03:32.277999 2018] [php7:error] [pid 1565] [client 127.0.0.1:56092] PHP Fatal error:  Uncaught Error: Class '/srv/http/api.com/core/../modules/controllers/Controller.php' not found in /srv/http/api.com/core/Routing.php:35\nStack trace:\n#0 /srv/http/api.com/core/Routing.php(25): core\\Routing->inst(NULL, NULL, NULL)\n#1 /srv/http/api.com/index.php(12): core\\Routing->route('http://api.com/', Array)\n#2 {main}\n  thrown in /srv/http/api.com/core/Routing.php on line 35
[Fri Jan 12 17:08:55.009157 2018] [php7:notice] [pid 1588] [client 127.0.0.1:56138] PHP Notice:  Undefined index: url in /srv/http/api.com/index.php on line 12
[Fri Jan 12 17:09:13.366551 2018] [php7:notice] [pid 1589] [client 127.0.0.1:56140] PHP Notice:  Undefined offset: 2 in /srv/http/api.com/core/Routing.php on line 21
[Fri Jan 12 17:09:13.366753 2018] [php7:error] [pid 1589] [client 127.0.0.1:56140] PHP Fatal error:  Uncaught Error: Class '/srv/http/api.com/core/../modules/controllers/HomeController.php' not found in /srv/http/api.com/core/Routing.php:35\nStack trace:\n#0 /srv/http/api.com/core/Routing.php(25): core\\Routing->inst('home', 'index', NULL)\n#1 /srv/http/api.com/index.php(12): core\\Routing->route('home', Array)\n#2 {main}\n  thrown in /srv/http/api.com/core/Routing.php on line 35
[Fri Jan 12 17:09:27.394304 2018] [php7:notice] [pid 1566] [client 127.0.0.1:56142] PHP Notice:  Undefined offset: 2 in /srv/http/api.com/core/Routing.php on line 21
[Fri Jan 12 17:09:27.394698 2018] [php7:error] [pid 1566] [client 127.0.0.1:56142] PHP Fatal error:  Uncaught Error: Class '/srv/http/api.com/core/../modules/controllers/HomeController.php' not found in /srv/http/api.com/core/Routing.php:35\nStack trace:\n#0 /srv/http/api.com/core/Routing.php(25): core\\Routing->inst('home', 'index', NULL)\n#1 /srv/http/api.com/index.php(12): core\\Routing->route('home', Array)\n#2 {main}\n  thrown in /srv/http/api.com/core/Routing.php on line 35
[Fri Jan 12 17:09:34.543069 2018] [php7:notice] [pid 1565] [client 127.0.0.1:56144] PHP Notice:  Undefined offset: 2 in /srv/http/api.com/core/Routing.php on line 21
[Fri Jan 12 17:09:34.543253 2018] [php7:error] [pid 1565] [client 127.0.0.1:56144] PHP Fatal error:  Uncaught Error: Class '/srv/http/api.com/core/../modules/controllers/HomeController.php' not found in /srv/http/api.com/core/Routing.php:35\nStack trace:\n#0 /srv/http/api.com/core/Routing.php(25): core\\Routing->inst('home', 'index', NULL)\n#1 /srv/http/api.com/index.php(12): core\\Routing->route('home', Array)\n#2 {main}\n  thrown in /srv/http/api.com/core/Routing.php on line 35
[Fri Jan 12 17:11:53.240146 2018] [php7:error] [pid 1580] [client 127.0.0.1:56198] PHP Fatal error:  Uncaught Error: Class '/srv/http/api.com/core/../modules/controllers/HomeController.php' not found in /srv/http/api.com/core/Routing.php:35\nStack trace:\n#0 /srv/http/api.com/core/Routing.php(25): core\\Routing->inst('home', 'index', NULL)\n#1 /srv/http/api.com/index.php(12): core\\Routing->route('home', Array)\n#2 {main}\n  thrown in /srv/http/api.com/core/Routing.php on line 35
[Fri Jan 12 17:16:36.188516 2018] [php7:error] [pid 1580] [client 127.0.0.1:56252] PHP Fatal error:  Uncaught Error: Class '/srv/http/api.com/modules/controllers/HomeController.php' not found in /srv/http/api.com/core/Routing.php:35\nStack trace:\n#0 /srv/http/api.com/core/Routing.php(25): core\\Routing->inst('home', 'index', NULL)\n#1 /srv/http/api.com/index.php(13): core\\Routing->route('home', Array)\n#2 {main}\n  thrown in /srv/http/api.com/core/Routing.php on line 35
[Fri Jan 12 17:17:32.551430 2018] [php7:error] [pid 1588] [client 127.0.0.1:56254] PHP Fatal error:  Uncaught Error: Class '/srv/http/api.com/modules/controllers/HomeController.php' not found in /srv/http/api.com/core/Routing.php:36\nStack trace:\n#0 /srv/http/api.com/core/Routing.php(25): core\\Routing->inst('home', 'index', NULL)\n#1 /srv/http/api.com/index.php(13): core\\Routing->route('home', Array)\n#2 {main}\n  thrown in /srv/http/api.com/core/Routing.php on line 36
[Fri Jan 12 17:18:11.863258 2018] [php7:error] [pid 1589] [client 127.0.0.1:56282] PHP Fatal error:  Uncaught Error: Class 'Home' not found in /srv/http/api.com/core/Routing.php:37\nStack trace:\n#0 /srv/http/api.com/core/Routing.php(25): core\\Routing->inst('home', 'index', NULL)\n#1 /srv/http/api.com/index.php(13): core\\Routing->route('home', Array)\n#2 {main}\n  thrown in /srv/http/api.com/core/Routing.php on line 37
[Fri Jan 12 17:18:33.580611 2018] [php7:error] [pid 1566] [client 127.0.0.1:56290] PHP Fatal error:  Uncaught Error: Class 'HomeController.php' not found in /srv/http/api.com/core/Routing.php:37\nStack trace:\n#0 /srv/http/api.com/core/Routing.php(25): core\\Routing->inst('home', 'index', NULL)\n#1 /srv/http/api.com/index.php(13): core\\Routing->route('home', Array)\n#2 {main}\n  thrown in /srv/http/api.com/core/Routing.php on line 37
[Fri Jan 12 17:22:23.645638 2018] [php7:warn] [pid 1589] [client 127.0.0.1:56304] PHP Warning:  require_once(/srv/http/api.com/modules/controllers/HomeController.phpfds): failed to open stream: No such file or directory in /srv/http/api.com/core/Routing.php on line 36
[Fri Jan 12 17:22:23.646023 2018] [php7:error] [pid 1589] [client 127.0.0.1:56304] PHP Fatal error:  require_once(): Failed opening required '/srv/http/api.com/modules/controllers/HomeController.phpfds' (include_path='.:') in /srv/http/api.com/core/Routing.php on line 36
[Fri Jan 12 17:24:02.510508 2018] [php7:error] [pid 1568] [client 127.0.0.1:56330] PHP Fatal error:  Cannot declare class app\\HomeController, because the name is already in use in /srv/http/api.com/modules/controllers/HomeController.php on line 7
[Fri Jan 12 17:25:30.824075 2018] [php7:error] [pid 1589] [client 127.0.0.1:56342] PHP Fatal error:  Cannot declare class app\\HomeController, because the name is already in use in /srv/http/api.com/modules/controllers/HomeController.php on line 7
[Fri Jan 12 17:27:58.337405 2018] [php7:error] [pid 1566] [client 127.0.0.1:56396] PHP Fatal error:  Uncaught Error: Class 'core\\Routing' not found in /srv/http/api.com/index.php:12\nStack trace:\n#0 {main}\n  thrown in /srv/http/api.com/index.php on line 12
[Fri Jan 12 17:29:13.324509 2018] [php7:emerg] [pid 1567] [client 127.0.0.1:56400] PHP Parse error:  syntax error, unexpected 'use' (T_USE) in /srv/http/api.com/core/Routing.php on line 37
[Fri Jan 12 17:31:06.646864 2018] [php7:error] [pid 1566] [client 127.0.0.1:56432] PHP Fatal error:  Uncaught Error: Class 'HomeController' not found in /srv/http/api.com/core/Routing.php:39\nStack trace:\n#0 /srv/http/api.com/core/Routing.php(25): core\\Routing->inst('home', 'index', NULL)\n#1 /srv/http/api.com/index.php(13): core\\Routing->route('home', Array)\n#2 {main}\n  thrown in /srv/http/api.com/core/Routing.php on line 39
[Fri Jan 12 17:36:20.598835 2018] [php7:error] [pid 1568] [client 127.0.0.1:56674] PHP Fatal error:  Uncaught Error: Class 'HomeController' not found in /srv/http/api.com/core/Routing.php:39\nStack trace:\n#0 /srv/http/api.com/core/Routing.php(25): core\\Routing->inst('home', 'index', NULL)\n#1 /srv/http/api.com/index.php(13): core\\Routing->route('home', Array)\n#2 {main}\n  thrown in /srv/http/api.com/core/Routing.php on line 39
[Fri Jan 12 17:39:03.175099 2018] [php7:error] [pid 1569] [client 127.0.0.1:56726] PHP Fatal error:  Uncaught Error: Class 'HomeController' not found in /srv/http/api.com/core/Routing.php:39\nStack trace:\n#0 /srv/http/api.com/core/Routing.php(25): core\\Routing->inst('home', 'index', NULL)\n#1 /srv/http/api.com/index.php(13): core\\Routing->route('home', Array)\n#2 {main}\n  thrown in /srv/http/api.com/core/Routing.php on line 39
[Fri Jan 12 17:39:42.785251 2018] [php7:notice] [pid 1588] [client 127.0.0.1:56756] PHP Notice:  Undefined index: url in /srv/http/api.com/index.php on line 13
[Fri Jan 12 17:41:33.225803 2018] [php7:notice] [pid 1589] [client 127.0.0.1:56780] PHP Notice:  Undefined index: url in /srv/http/api.com/index.php on line 13
[Fri Jan 12 17:42:32.574839 2018] [php7:error] [pid 5031] [client 127.0.0.1:56790] script '/srv/http/api.com/indevx.php' not found or unable to stat
[Fri Jan 12 17:42:58.493936 2018] [php7:error] [pid 5032] [client 127.0.0.1:56792] script '/srv/http/api.com/indevx.php' not found or unable to stat
[Fri Jan 12 17:50:05.296270 2018] [php7:notice] [pid 5030] [client 127.0.0.1:57044] PHP Notice:  Undefined index: url in /srv/http/api.com/index.php on line 17
[Fri Jan 12 17:51:19.230779 2018] [php7:notice] [pid 5298] [client 127.0.0.1:57088] PHP Notice:  Undefined index: url in /srv/http/api.com/index.php on line 17
[Fri Jan 12 17:54:44.722366 2018] [php7:notice] [pid 5459] [client 127.0.0.1:57158] PHP Notice:  Undefined index: url in /srv/http/api.com/index.php on line 17
[Fri Jan 12 17:56:17.835075 2018] [php7:notice] [pid 5462] [client 127.0.0.1:57168] PHP Notice:  Undefined offset: 2 in /srv/http/api.com/core/Routing.php on line 21
[Fri Jan 12 17:56:33.967061 2018] [php7:error] [pid 5463] [client 127.0.0.1:57170] PHP Fatal error:  Uncaught Error: Class 'HomeController' not found in /srv/http/api.com/core/Routing.php:39\nStack trace:\n#0 /srv/http/api.com/core/Routing.php(25): core\\Routing->inst('home', 'index', NULL)\n#1 /srv/http/api.com/index.php(13): core\\Routing->route('http://api.com/...', Array)\n#2 {main}\n  thrown in /srv/http/api.com/core/Routing.php on line 39
[Fri Jan 12 17:56:55.862379 2018] [php7:error] [pid 5458] [client 127.0.0.1:57172] PHP Fatal error:  Uncaught Error: Class 'HomeController' not found in /srv/http/api.com/core/Routing.php:39\nStack trace:\n#0 /srv/http/api.com/core/Routing.php(25): core\\Routing->inst('home', 'index', NULL)\n#1 /srv/http/api.com/index.php(13): core\\Routing->route('http://api.com/...', Array)\n#2 {main}\n  thrown in /srv/http/api.com/core/Routing.php on line 39
[Fri Jan 12 17:57:03.973461 2018] [php7:error] [pid 5459] [client 127.0.0.1:57174] PHP Fatal error:  Uncaught Error: Class 'HomeController' not found in /srv/http/api.com/core/Routing.php:39\nStack trace:\n#0 /srv/http/api.com/core/Routing.php(25): core\\Routing->inst('home', 'index', NULL)\n#1 /srv/http/api.com/index.php(13): core\\Routing->route('http://api.com/...', Array)\n#2 {main}\n  thrown in /srv/http/api.com/core/Routing.php on line 39
[Fri Jan 12 17:57:10.667079 2018] [php7:error] [pid 5460] [client 127.0.0.1:57176] PHP Fatal error:  Uncaught Error: Class 'HomeController' not found in /srv/http/api.com/core/Routing.php:39\nStack trace:\n#0 /srv/http/api.com/core/Routing.php(25): core\\Routing->inst('home', 'index', NULL)\n#1 /srv/http/api.com/index.php(13): core\\Routing->route('http://api.com/...', Array)\n#2 {main}\n  thrown in /srv/http/api.com/core/Routing.php on line 39
[Fri Jan 12 18:11:27.196120 2018] [php7:emerg] [pid 5813] [client 127.0.0.1:57646] PHP Parse error:  syntax error, unexpected 'if' (T_IF) in /srv/http/api.com/core/Routing.php on line 19
[Fri Jan 12 18:11:38.150682 2018] [php7:notice] [pid 5814] [client 127.0.0.1:57648] PHP Notice:  Undefined index: showIndex in /srv/http/api.com/core/Routing.php on line 19
[Fri Jan 12 18:11:38.189761 2018] [php7:notice] [pid 5814] [client 127.0.0.1:57648] PHP Notice:  Undefined variable: urls in /srv/http/api.com/core/Routing.php on line 20
[Fri Jan 12 18:13:24.671676 2018] [php7:warn] [pid 5816] [client 127.0.0.1:57652] PHP Warning:  Illegal offset type in /srv/http/api.com/index.php on line 13
[Fri Jan 12 18:13:43.665742 2018] [php7:warn] [pid 5812] [client 127.0.0.1:57668] PHP Warning:  substr() expects parameter 3 to be integer, string given in /srv/http/api.com/core/Routing.php on line 19
[Fri Jan 12 18:13:43.666139 2018] [php7:notice] [pid 5812] [client 127.0.0.1:57668] PHP Notice:  Undefined variable: urls in /srv/http/api.com/core/Routing.php on line 20
[Fri Jan 12 18:15:46.517685 2018] [php7:warn] [pid 5813] [client 127.0.0.1:57712] PHP Warning:  substr() expects parameter 2 to be integer, string given in /srv/http/api.com/core/Routing.php on line 19
[Fri Jan 12 18:15:46.517789 2018] [php7:notice] [pid 5813] [client 127.0.0.1:57712] PHP Notice:  Undefined variable: urls in /srv/http/api.com/core/Routing.php on line 20
[Fri Jan 12 18:16:03.569432 2018] [php7:notice] [pid 5814] [client 127.0.0.1:57714] PHP Notice:  Undefined variable: urls in /srv/http/api.com/core/Routing.php on line 20
[Fri Jan 12 18:16:13.065713 2018] [php7:notice] [pid 5815] [client 127.0.0.1:57716] PHP Notice:  Undefined variable: urls in /srv/http/api.com/core/Routing.php on line 20
[Fri Jan 12 18:19:18.845742 2018] [php7:error] [pid 5814] [client 127.0.0.1:57792] PHP Fatal error:  Uncaught Error: Call to undefined function core\\replace() in /srv/http/api.com/core/Routing.php:19\nStack trace:\n#0 /srv/http/api.com/index.php(13): core\\Routing->route('http://api.com/...', Array)\n#1 {main}\n  thrown in /srv/http/api.com/core/Routing.php on line 19
[Fri Jan 12 18:19:32.878869 2018] [php7:warn] [pid 5815] [client 127.0.0.1:57794] PHP Warning:  str_replace() expects at least 3 parameters, 2 given in /srv/http/api.com/core/Routing.php on line 19
[Fri Jan 12 18:29:03.118478 2018] [php7:emerg] [pid 5816] [client 127.0.0.1:57856] PHP Parse error:  syntax error, unexpected 'function' (T_FUNCTION), expecting '=' in /srv/http/api.com/core/Routing.php on line 17
[Fri Jan 12 18:43:04.154027 2018] [php7:emerg] [pid 6720] [client 127.0.0.1:58152] PHP Parse error:  syntax error, unexpected 'echo' (T_ECHO) in /srv/http/api.com/core/Routing.php on line 30
[Fri Jan 12 18:47:20.758533 2018] [php7:error] [pid 6721] [client 127.0.0.1:58204] PHP Fatal error:  Can't use function return value in write context in /srv/http/api.com/core/Routing.php on line 27
[Fri Jan 12 18:48:38.797767 2018] [php7:emerg] [pid 6719] [client 127.0.0.1:58240] PHP Parse error:  syntax error, unexpected '$key' (T_VARIABLE) in /srv/http/api.com/core/Routing.php on line 28
[Fri Jan 12 18:59:46.643242 2018] [php7:error] [pid 6722] [client 127.0.0.1:58336] PHP Fatal error:  Cannot declare class app\\HomeController, because the name is already in use in /srv/http/api.com/modules/controllers/HomeController.php on line 6
[Fri Jan 12 19:00:49.668245 2018] [php7:error] [pid 6721] [client 127.0.0.1:58364] PHP Fatal error:  Cannot declare class app\\HomeController, because the name is already in use in /srv/http/api.com/modules/controllers/HomeController.php on line 6
[Fri Jan 12 19:02:39.916843 2018] [php7:error] [pid 6719] [client 127.0.0.1:58424] PHP Fatal error:  Cannot declare class app\\HomeController, because the name is already in use in /srv/http/api.com/modules/controllers/HomeController.php on line 6
[Fri Jan 12 19:03:44.601223 2018] [php7:error] [pid 6718] [client 127.0.0.1:58440] PHP Fatal error:  Cannot declare class app\\HomeController, because the name is already in use in /srv/http/api.com/modules/controllers/HomeController.php on line 6
[Fri Jan 12 19:04:39.985437 2018] [php7:error] [pid 6720] [client 127.0.0.1:58442] PHP Fatal error:  Uncaught Error: Class 'HomeController' not found in /srv/http/api.com/core/Routing.php:52\nStack trace:\n#0 /srv/http/api.com/core/Routing.php(38): core\\Routing->inst('home', 'cool', NULL)\n#1 /srv/http/api.com/index.php(12): core\\Routing->route('http://api.com/...', Array)\n#2 {main}\n  thrown in /srv/http/api.com/core/Routing.php on line 52
[Sat Jan 13 13:07:19.650458 2018] [php7:error] [pid 1363] [client 127.0.0.1:38120] PHP Fatal error:  Assignments can only happen to writable values in /srv/http/api.com/core/Run.php on line 33
[Sat Jan 13 13:07:31.349543 2018] [php7:notice] [pid 1481] [client 127.0.0.1:38122] PHP Notice:  Undefined offset: 2 in /srv/http/api.com/core/Run.php on line 33
[Sat Jan 13 13:29:29.557680 2018] [php7:notice] [pid 1361] [client 127.0.0.1:38260] PHP Notice:  Array to string conversion in /srv/http/api.com/core/Run.php on line 22
[Sat Jan 13 13:38:04.364945 2018] [php7:emerg] [pid 1360] [client 127.0.0.1:38372] PHP Parse error:  syntax error, unexpected 'public' (T_PUBLIC), expecting ',' or ';' in /srv/http/api.com/core/Run.php on line 15
[Sat Jan 13 13:51:18.470185 2018] [php7:notice] [pid 1363] [client 127.0.0.1:38498] PHP Notice:  Undefined variable: argument in /srv/http/api.com/core/Run.php on line 61
[Sat Jan 13 13:53:41.519221 2018] [php7:notice] [pid 1361] [client 127.0.0.1:38526] PHP Notice:  Array to string conversion in /srv/http/api.com/modules/controllers/HomeController.php on line 11
[Sat Jan 13 13:54:23.728703 2018] [php7:error] [pid 1481] [client 127.0.0.1:38532] PHP Fatal error:  Uncaught ArgumentCountError: Too few arguments to function HomeController::index(), 0 passed in /srv/http/api.com/core/Run.php on line 71 and exactly 1 expected in /srv/http/api.com/modules/controllers/HomeController.php:9\nStack trace:\n#0 /srv/http/api.com/core/Run.php(71): HomeController->index()\n#1 /srv/http/api.com/core/Run.php(54): core\\Run->inst('home', 'index', '3')\n#2 /srv/http/api.com/core/Run.php(22): core\\Run->urlMapping('home/3', Array)\n#3 /srv/http/api.com/index.php(13): core\\Run->route('http://api.com/...', Array)\n#4 {main}\n  thrown in /srv/http/api.com/modules/controllers/HomeController.php on line 9
[Sat Jan 13 13:54:41.593362 2018] [php7:notice] [pid 1359] [client 127.0.0.1:38534] PHP Notice:  Undefined variable: argument in /srv/http/api.com/core/Run.php on line 71
[Sat Jan 13 13:55:04.880782 2018] [php7:notice] [pid 1361] [client 127.0.0.1:38538] PHP Notice:  Undefined variable: id in /srv/http/api.com/modules/controllers/HomeController.php on line 11
[Sat Jan 13 14:18:44.749703 2018] [php7:notice] [pid 1359] [client 127.0.0.1:38832] PHP Notice:  Undefined offset: 1 in /srv/http/api.com/core/Run.php on line 46
[Sat Jan 13 14:18:55.755111 2018] [php7:error] [pid 1360] [client 127.0.0.1:38834] PHP Fatal error:  Assignments can only happen to writable values in /srv/http/api.com/core/Run.php on line 36
[Sat Jan 13 14:19:40.806913 2018] [php7:notice] [pid 1361] [client 127.0.0.1:38836] PHP Notice:  Undefined offset: 1 in /srv/http/api.com/core/Run.php on line 46
[Sat Jan 13 14:20:22.717754 2018] [php7:notice] [pid 1363] [client 127.0.0.1:38840] PHP Notice:  Undefined offset: 1 in /srv/http/api.com/core/Run.php on line 46
[Sat Jan 13 14:24:50.492279 2018] [php7:notice] [pid 1362] [client 127.0.0.1:38900] PHP Notice:  Undefined variable: count in /srv/http/api.com/core/Run.php on line 47
[Sat Jan 13 14:29:00.604154 2018] [php7:warn] [pid 1481] [client 127.0.0.1:38928] PHP Warning:  array_shift() expects parameter 1 to be array, string given in /srv/http/api.com/core/Run.php on line 54
[Sat Jan 13 14:30:17.767364 2018] [php7:error] [pid 1361] [client 127.0.0.1:38942] PHP Fatal error:  Uncaught Error: Class 'core\\ReflectionFunction' not found in /srv/http/api.com/core/Run.php:77\nStack trace:\n#0 /srv/http/api.com/core/Run.php(60): core\\Run->inst('home', 'index', 'home')\n#1 /srv/http/api.com/core/Run.php(22): core\\Run->urlMapping(Array, Array)\n#2 /srv/http/api.com/index.php(13): core\\Run->route('http://api.com/...', Array)\n#3 {main}\n  thrown in /srv/http/api.com/core/Run.php on line 77
[Sat Jan 13 14:30:41.748138 2018] [php7:error] [pid 1362] [client 127.0.0.1:38944] PHP Fatal error:  Uncaught ReflectionException: Function index() does not exist in /srv/http/api.com/core/Run.php:77\nStack trace:\n#0 /srv/http/api.com/core/Run.php(77): ReflectionFunction->__construct('index')\n#1 /srv/http/api.com/core/Run.php(60): core\\Run->inst('home', 'index', 'home')\n#2 /srv/http/api.com/core/Run.php(22): core\\Run->urlMapping(Array, Array)\n#3 /srv/http/api.com/index.php(13): core\\Run->route('http://api.com/...', Array)\n#4 {main}\n  thrown in /srv/http/api.com/core/Run.php on line 77
[Sat Jan 13 14:34:44.443024 2018] [php7:error] [pid 1361] [client 127.0.0.1:39022] PHP Fatal error:  Uncaught ArgumentCountError: Too few arguments to function HomeController::index(), 0 passed in /srv/http/api.com/core/Run.php on line 77 and exactly 1 expected in /srv/http/api.com/modules/controllers/HomeController.php:9\nStack trace:\n#0 /srv/http/api.com/core/Run.php(77): HomeController->index()\n#1 /srv/http/api.com/core/Run.php(60): core\\Run->inst('home', 'index', Array)\n#2 /srv/http/api.com/core/Run.php(22): core\\Run->urlMapping(Array, Array)\n#3 /srv/http/api.com/index.php(13): core\\Run->route('http://api.com/...', Array)\n#4 {main}\n  thrown in /srv/http/api.com/modules/controllers/HomeController.php on line 9
[Sat Jan 13 14:35:02.530254 2018] [php7:error] [pid 1362] [client 127.0.0.1:39024] PHP Fatal error:  Uncaught ArgumentCountError: Too few arguments to function HomeController::index(), 0 passed in /srv/http/api.com/core/Run.php on line 77 and exactly 1 expected in /srv/http/api.com/modules/controllers/HomeController.php:9\nStack trace:\n#0 /srv/http/api.com/core/Run.php(77): HomeController->index()\n#1 /srv/http/api.com/core/Run.php(60): core\\Run->inst('home', 'index', Array)\n#2 /srv/http/api.com/core/Run.php(22): core\\Run->urlMapping(Array, Array)\n#3 /srv/http/api.com/index.php(13): core\\Run->route('http://api.com/...', Array)\n#4 {main}\n  thrown in /srv/http/api.com/modules/controllers/HomeController.php on line 9
[Sat Jan 13 14:35:03.838602 2018] [php7:error] [pid 1362] [client 127.0.0.1:39024] PHP Fatal error:  Uncaught ArgumentCountError: Too few arguments to function HomeController::index(), 0 passed in /srv/http/api.com/core/Run.php on line 77 and exactly 1 expected in /srv/http/api.com/modules/controllers/HomeController.php:9\nStack trace:\n#0 /srv/http/api.com/core/Run.php(77): HomeController->index()\n#1 /srv/http/api.com/core/Run.php(60): core\\Run->inst('home', 'index', Array)\n#2 /srv/http/api.com/core/Run.php(22): core\\Run->urlMapping(Array, Array)\n#3 /srv/http/api.com/index.php(13): core\\Run->route('http://api.com/...', Array)\n#4 {main}\n  thrown in /srv/http/api.com/modules/controllers/HomeController.php on line 9
[Sat Jan 13 14:35:21.730372 2018] [php7:notice] [pid 1363] [client 127.0.0.1:39026] PHP Notice:  Array to string conversion in /srv/http/api.com/modules/controllers/HomeController.php on line 11
[Sat Jan 13 14:35:21.730471 2018] [php7:error] [pid 1363] [client 127.0.0.1:39026] PHP Fatal error:  Uncaught ReflectionException: Function () does not exist in /srv/http/api.com/core/Run.php:77\nStack trace:\n#0 /srv/http/api.com/core/Run.php(77): ReflectionFunction->__construct('')\n#1 /srv/http/api.com/core/Run.php(60): core\\Run->inst('home', 'index', Array)\n#2 /srv/http/api.com/core/Run.php(22): core\\Run->urlMapping(Array, Array)\n#3 /srv/http/api.com/index.php(13): core\\Run->route('http://api.com/...', Array)\n#4 {main}\n  thrown in /srv/http/api.com/core/Run.php on line 77
[Sat Jan 13 14:35:48.488995 2018] [php7:error] [pid 1481] [client 127.0.0.1:39028] PHP Fatal error:  Uncaught ArgumentCountError: Too few arguments to function HomeController::index(), 0 passed in /srv/http/api.com/core/Run.php on line 79 and exactly 1 expected in /srv/http/api.com/modules/controllers/HomeController.php:9\nStack trace:\n#0 /srv/http/api.com/core/Run.php(79): HomeController->index()\n#1 /srv/http/api.com/core/Run.php(60): core\\Run->inst('home', 'index', Array)\n#2 /srv/http/api.com/core/Run.php(22): core\\Run->urlMapping(Array, Array)\n#3 /srv/http/api.com/index.php(13): core\\Run->route('http://api.com/...', Array)\n#4 {main}\n  thrown in /srv/http/api.com/modules/controllers/HomeController.php on line 9
[Sat Jan 13 14:37:18.299496 2018] [php7:error] [pid 1359] [client 127.0.0.1:39174] PHP Fatal error:  Uncaught ArgumentCountError: Too few arguments to function HomeController::index(), 0 passed in /srv/http/api.com/core/Run.php on line 80 and exactly 1 expected in /srv/http/api.com/modules/controllers/HomeController.php:9\nStack trace:\n#0 /srv/http/api.com/core/Run.php(80): HomeController->index()\n#1 /srv/http/api.com/core/Run.php(60): core\\Run->inst('home', 'index', Array)\n#2 /srv/http/api.com/core/Run.php(22): core\\Run->urlMapping(Array, Array)\n#3 /srv/http/api.com/index.php(13): core\\Run->route('http://api.com/...', Array)\n#4 {main}\n  thrown in /srv/http/api.com/modules/controllers/HomeController.php on line 9
[Sat Jan 13 14:37:35.393608 2018] [php7:error] [pid 1361] [client 127.0.0.1:39178] PHP Fatal error:  Uncaught Error: Cannot access protected property ArgumentCountError::$message in /srv/http/api.com/core/Run.php:82\nStack trace:\n#0 /srv/http/api.com/core/Run.php(60): core\\Run->inst('home', 'index', Array)\n#1 /srv/http/api.com/core/Run.php(22): core\\Run->urlMapping(Array, Array)\n#2 /srv/http/api.com/index.php(13): core\\Run->route('http://api.com/...', Array)\n#3 {main}\n  thrown in /srv/http/api.com/core/Run.php on line 82
[Sat Jan 13 14:37:43.858288 2018] [php7:notice] [pid 1362] [client 127.0.0.1:39180] PHP Notice:  Undefined property: ArgumentCountError::$messages in /srv/http/api.com/core/Run.php on line 82
[Sat Jan 13 14:37:52.893110 2018] [php7:error] [pid 1363] [client 127.0.0.1:39182] PHP Fatal error:  Uncaught Error: Call to undefined method ArgumentCountError::message() in /srv/http/api.com/core/Run.php:82\nStack trace:\n#0 /srv/http/api.com/core/Run.php(60): core\\Run->inst('home', 'index', Array)\n#1 /srv/http/api.com/core/Run.php(22): core\\Run->urlMapping(Array, Array)\n#2 /srv/http/api.com/index.php(13): core\\Run->route('http://api.com/...', Array)\n#3 {main}\n  thrown in /srv/http/api.com/core/Run.php on line 82
[Sat Jan 13 14:48:33.073420 2018] [php7:emerg] [pid 1362] [client 127.0.0.1:39308] PHP Parse error:  syntax error, unexpected 'echo' (T_ECHO) in /srv/http/api.com/core/Run.php on line 50
[Sat Jan 13 15:06:47.098847 2018] [php7:error] [pid 1481] [client 127.0.0.1:39426] PHP Fatal error:  Class 'core\\Controller' not found in /srv/http/api.com/modules/controllers/HomeController.php on line 7
[Sat Jan 13 15:07:00.534307 2018] [php7:error] [pid 1359] [client 127.0.0.1:39432] PHP Fatal error:  Class 'core\\Controller' not found in /srv/http/api.com/modules/controllers/HomeController.php on line 7
[Sat Jan 13 15:07:21.304367 2018] [php7:error] [pid 1360] [client 127.0.0.1:39438] PHP Fatal error:  Class 'core\\Controller' not found in /srv/http/api.com/modules/controllers/HomeController.php on line 7
[Sat Jan 13 15:07:41.767885 2018] [php7:emerg] [pid 1361] [client 127.0.0.1:39440] PHP Parse error:  syntax error, unexpected ')', expecting variable (T_VARIABLE) in /srv/http/api.com/core/Controller.php on line 12
[Sat Jan 13 15:07:50.890804 2018] [php7:emerg] [pid 1362] [client 127.0.0.1:39442] PHP Parse error:  syntax error, unexpected 'if' (T_IF) in /srv/http/api.com/core/Controller.php on line 15
[Sat Jan 13 15:08:03.708560 2018] [php7:warn] [pid 1363] [client 127.0.0.1:39444] PHP Warning:  include(/srv/http/api.com/modules/views/layouts/header.php): failed to open stream: No such file or directory in /srv/http/api.com/core/Controller.php on line 20
[Sat Jan 13 15:08:03.708629 2018] [php7:warn] [pid 1363] [client 127.0.0.1:39444] PHP Warning:  include(): Failed opening '/srv/http/api.com/modules/views/layouts/header.php' for inclusion (include_path='.:') in /srv/http/api.com/core/Controller.php on line 20
[Sat Jan 13 15:08:03.708716 2018] [php7:warn] [pid 1363] [client 127.0.0.1:39444] PHP Warning:  include(/srv/http/api.com/modules/views/layouts/footer.php): failed to open stream: No such file or directory in /srv/http/api.com/core/Controller.php on line 22
[Sat Jan 13 15:08:03.708744 2018] [php7:warn] [pid 1363] [client 127.0.0.1:39444] PHP Warning:  include(): Failed opening '/srv/http/api.com/modules/views/layouts/footer.php' for inclusion (include_path='.:') in /srv/http/api.com/core/Controller.php on line 22
[Sat Jan 13 15:16:51.719969 2018] [php7:notice] [pid 1360] [client 127.0.0.1:39598] PHP Notice:  Undefined variable: params in /srv/http/api.com/config/web.php on line 10
[Sat Jan 13 15:16:58.588725 2018] [php7:notice] [pid 1361] [client 127.0.0.1:39600] PHP Notice:  Undefined variable: params in /srv/http/api.com/config/web.php on line 10
[Sat Jan 13 15:17:17.214638 2018] [php7:notice] [pid 1362] [client 127.0.0.1:39602] PHP Notice:  Undefined variable: params in /srv/http/api.com/config/web.php on line 10
[Sat Jan 13 15:17:20.129459 2018] [php7:notice] [pid 1362] [client 127.0.0.1:39602] PHP Notice:  Undefined variable: params in /srv/http/api.com/config/web.php on line 10
[Sat Jan 13 15:17:27.970135 2018] [php7:notice] [pid 1363] [client 127.0.0.1:39604] PHP Notice:  Undefined variable: params in /srv/http/api.com/config/web.php on line 10
[Sat Jan 13 15:17:28.940475 2018] [php7:notice] [pid 1363] [client 127.0.0.1:39604] PHP Notice:  Undefined variable: params in /srv/http/api.com/config/web.php on line 10
[Sat Jan 13 15:18:15.556324 2018] [php7:notice] [pid 1481] [client 127.0.0.1:39606] PHP Notice:  Undefined variable: params in /srv/http/api.com/config/web.php on line 10
[Sat Jan 13 15:19:12.484459 2018] [php7:notice] [pid 1359] [client 127.0.0.1:39624] PHP Notice:  Undefined variable: params in /srv/http/api.com/config/web.php on line 10
[Sat Jan 13 15:19:43.945578 2018] [php7:error] [pid 1361] [client 127.0.0.1:39628] PHP Fatal error:  Uncaught Error: Undefined class constant 'params' in /srv/http/api.com/modules/views/home.php:3\nStack trace:\n#0 /srv/http/api.com/core/Controller.php(23): include()\n#1 /srv/http/api.com/modules/controllers/HomeController.php(8): Controller->render('home', Array)\n#2 [internal function]: HomeController->index('4')\n#3 /srv/http/api.com/core/Run.php(79): call_user_func_array(Array, Array)\n#4 /srv/http/api.com/core/Run.php(60): core\\Run->inst('home', 'index', Array)\n#5 /srv/http/api.com/core/Run.php(20): core\\Run->urlMapping(Array, Array)\n#6 /srv/http/api.com/index.php(13): core\\Run->route('http://api.com/...', Array)\n#7 {main}\n  thrown in /srv/http/api.com/modules/views/home.php on line 3
[Sat Jan 13 15:22:06.668302 2018] [php7:notice] [pid 1362] [client 127.0.0.1:39644] PHP Notice:  Undefined variable: config in /srv/http/api.com/core/Helper.php on line 13
[Sat Jan 13 15:22:41.663179 2018] [php7:notice] [pid 1363] [client 127.0.0.1:39646] PHP Notice:  Undefined variable: config in /srv/http/api.com/core/Helper.php on line 13
[Sat Jan 13 15:23:47.163907 2018] [php7:notice] [pid 1481] [client 127.0.0.1:39648] PHP Notice:  Undefined variable: config in /srv/http/api.com/core/Helper.php on line 10
[Sat Jan 13 15:25:54.963209 2018] [php7:notice] [pid 1359] [client 127.0.0.1:39714] PHP Notice:  Undefined variable: config in /srv/http/api.com/core/Helper.php on line 12
[Sat Jan 13 15:27:17.327338 2018] [php7:notice] [pid 1362] [client 127.0.0.1:39720] PHP Notice:  Undefined index: AUTH in /srv/http/api.com/modules/views/home.php on line 4
[Sat Jan 13 15:30:41.866938 2018] [php7:emerg] [pid 1362] [client 127.0.0.1:39870] PHP Parse error:  syntax error, unexpected 'require' (T_REQUIRE), expecting function (T_FUNCTION) or const (T_CONST) in /srv/http/api.com/core/Helper.php on line 7
[Sat Jan 13 15:31:01.036578 2018] [php7:emerg] [pid 1363] [client 127.0.0.1:39872] PHP Parse error:  syntax error, unexpected 'include' (T_INCLUDE), expecting function (T_FUNCTION) or const (T_CONST) in /srv/http/api.com/core/Helper.php on line 7
[Sat Jan 13 15:41:21.764699 2018] [php7:emerg] [pid 1359] [client 127.0.0.1:40084] PHP Parse error:  syntax error, unexpected '=>' (T_DOUBLE_ARROW), expecting ']' in /srv/http/api.com/config/params.php on line 6
[Sat Jan 13 15:46:52.835480 2018] [php7:emerg] [pid 1363] [client 127.0.0.1:40164] PHP Parse error:  syntax error, unexpected '?>' in /srv/http/api.com/modules/views/layouts/header.php on line 5
[Sat Jan 13 17:43:50.194070 2018] [php7:notice] [pid 1362] [client 127.0.0.1:41990] PHP Notice:  Undefined variable: urls in /srv/http/api.com/modules/views/info.php on line 6
[Sat Jan 13 17:43:50.229622 2018] [php7:warn] [pid 1362] [client 127.0.0.1:41990] PHP Warning:  Invalid argument supplied for foreach() in /srv/http/api.com/modules/views/info.php on line 6
[Sat Jan 13 17:47:47.415186 2018] [php7:notice] [pid 1361] [client 127.0.0.1:42040] PHP Notice:  Undefined variable: urls in /srv/http/api.com/modules/views/info.php on line 6
[Sat Jan 13 17:47:47.415256 2018] [php7:warn] [pid 1361] [client 127.0.0.1:42040] PHP Warning:  Invalid argument supplied for foreach() in /srv/http/api.com/modules/views/info.php on line 6
[Sat Jan 13 17:48:03.170660 2018] [php7:notice] [pid 1360] [client 127.0.0.1:42046] PHP Notice:  Undefined variable: urls in /srv/http/api.com/modules/views/info.php on line 6
[Sat Jan 13 17:48:03.170724 2018] [php7:warn] [pid 1360] [client 127.0.0.1:42046] PHP Warning:  Invalid argument supplied for foreach() in /srv/http/api.com/modules/views/info.php on line 6
[Sat Jan 13 17:48:34.642546 2018] [php7:notice] [pid 1363] [client 127.0.0.1:42048] PHP Notice:  Undefined variable: urls in /srv/http/api.com/modules/views/info.php on line 6
[Sat Jan 13 17:48:34.642616 2018] [php7:warn] [pid 1363] [client 127.0.0.1:42048] PHP Warning:  Invalid argument supplied for foreach() in /srv/http/api.com/modules/views/info.php on line 6
[Sat Jan 13 18:25:19.283745 2018] [php7:notice] [pid 1361] [client 127.0.0.1:43204] PHP Notice:  Undefined variable: urls in /srv/http/api.com/modules/views/info.php on line 6
[Sat Jan 13 18:25:19.283781 2018] [php7:warn] [pid 1361] [client 127.0.0.1:43204] PHP Warning:  Invalid argument supplied for foreach() in /srv/http/api.com/modules/views/info.php on line 6
[Sat Jan 13 18:29:30.067625 2018] [php7:notice] [pid 1481] [client 127.0.0.1:43346] PHP Notice:  Undefined variable: urls in /srv/http/api.com/modules/views/info.php on line 6
[Sat Jan 13 18:29:30.067687 2018] [php7:warn] [pid 1481] [client 127.0.0.1:43346] PHP Warning:  Invalid argument supplied for foreach() in /srv/http/api.com/modules/views/info.php on line 6
[Sat Jan 13 18:29:45.141303 2018] [php7:notice] [pid 1360] [client 127.0.0.1:43348] PHP Notice:  Undefined variable: urls in /srv/http/api.com/modules/views/info.php on line 9
[Sat Jan 13 18:29:45.141366 2018] [php7:warn] [pid 1360] [client 127.0.0.1:43348] PHP Warning:  Invalid argument supplied for foreach() in /srv/http/api.com/modules/views/info.php on line 9
[Sat Jan 13 18:29:51.731347 2018] [php7:notice] [pid 1359] [client 127.0.0.1:43352] PHP Notice:  Undefined variable: urls in /srv/http/api.com/modules/views/info.php on line 9
[Sat Jan 13 18:29:51.731402 2018] [php7:warn] [pid 1359] [client 127.0.0.1:43352] PHP Warning:  Invalid argument supplied for foreach() in /srv/http/api.com/modules/views/info.php on line 9
[Sat Jan 13 18:29:57.161366 2018] [php7:notice] [pid 1362] [client 127.0.0.1:43354] PHP Notice:  Undefined variable: urls in /srv/http/api.com/modules/views/info.php on line 9
[Sat Jan 13 18:29:57.161424 2018] [php7:warn] [pid 1362] [client 127.0.0.1:43354] PHP Warning:  Invalid argument supplied for foreach() in /srv/http/api.com/modules/views/info.php on line 9
[Sat Jan 13 18:32:30.138381 2018] [php7:notice] [pid 1361] [client 127.0.0.1:43390] PHP Notice:  Undefined variable: urls in /srv/http/api.com/modules/views/info.php on line 9
[Sat Jan 13 18:32:30.138447 2018] [php7:warn] [pid 1361] [client 127.0.0.1:43390] PHP Warning:  Invalid argument supplied for foreach() in /srv/http/api.com/modules/views/info.php on line 9
[Sat Jan 13 19:03:23.479092 2018] [php7:error] [pid 1360] [client 127.0.0.1:43638] PHP Fatal error:  Namespace declaration statement has to be the very first statement or after any declare call in the script in /srv/http/api.com/core/Run.php on line 2
[Sat Jan 13 19:06:18.516236 2018] [php7:notice] [pid 1360] [client 127.0.0.1:43652] PHP Notice:  Undefined variable: path in /srv/http/api.com/core/Run.php on line 24
[Sat Jan 13 19:06:18.516308 2018] [php7:notice] [pid 1360] [client 127.0.0.1:43652] PHP Notice:  Undefined variable: path in /srv/http/api.com/core/Run.php on line 26
[Sat Jan 13 19:07:12.707322 2018] [php7:notice] [pid 1362] [client 127.0.0.1:43656] PHP Notice:  Undefined variable: urls in /srv/http/api.com/modules/views/info.php on line 9
[Sat Jan 13 19:07:12.707403 2018] [php7:warn] [pid 1362] [client 127.0.0.1:43656] PHP Warning:  Invalid argument supplied for foreach() in /srv/http/api.com/modules/views/info.php on line 9
[Sat Jan 13 19:10:02.648871 2018] [php7:error] [pid 1363] [client 127.0.0.1:43684] PHP Fatal error:  Uncaught Error: Class 'core\\API' not found in /srv/http/api.com/core/Run.php:74\nStack trace:\n#0 /srv/http/api.com/core/Run.php(67): core\\Run->inst(Array, 'api', 'call', Array)\n#1 /srv/http/api.com/core/Run.php(26): core\\Run->urlMapping(Array)\n#2 /srv/http/api.com/index.php(13): core\\Run->route(Array)\n#3 {main}\n  thrown in /srv/http/api.com/core/Run.php on line 74
[Sat Jan 13 19:10:27.392801 2018] [php7:error] [pid 1360] [client 127.0.0.1:43686] PHP Fatal error:  Uncaught Error: Class 'core\\API' not found in /srv/http/api.com/core/Run.php:74\nStack trace:\n#0 /srv/http/api.com/core/Run.php(67): core\\Run->inst(Array, 'api', 'call', Array)\n#1 /srv/http/api.com/core/Run.php(26): core\\Run->urlMapping(Array)\n#2 /srv/http/api.com/index.php(13): core\\Run->route(Array)\n#3 {main}\n  thrown in /srv/http/api.com/core/Run.php on line 74
[Sat Jan 13 19:10:45.514409 2018] [php7:error] [pid 1359] [client 127.0.0.1:43688] PHP Fatal error:  Uncaught Error: Class 'core\\API' not found in /srv/http/api.com/core/Run.php:74\nStack trace:\n#0 /srv/http/api.com/core/Run.php(67): core\\Run->inst(Array, 'api', 'call', Array)\n#1 /srv/http/api.com/core/Run.php(26): core\\Run->urlMapping(Array)\n#2 /srv/http/api.com/index.php(13): core\\Run->route(Array)\n#3 {main}\n  thrown in /srv/http/api.com/core/Run.php on line 74
[Sat Jan 13 19:11:15.699067 2018] [php7:error] [pid 1362] [client 127.0.0.1:43690] PHP Fatal error:  Uncaught Error: Class 'core\\API' not found in /srv/http/api.com/core/Run.php:74\nStack trace:\n#0 /srv/http/api.com/core/Run.php(67): core\\Run->inst(Array, 'api', 'call', Array)\n#1 /srv/http/api.com/core/Run.php(26): core\\Run->urlMapping(Array)\n#2 /srv/http/api.com/index.php(13): core\\Run->route(Array)\n#3 {main}\n  thrown in /srv/http/api.com/core/Run.php on line 74
[Sat Jan 13 19:11:16.800253 2018] [php7:error] [pid 1362] [client 127.0.0.1:43690] PHP Fatal error:  Uncaught Error: Class 'core\\API' not found in /srv/http/api.com/core/Run.php:74\nStack trace:\n#0 /srv/http/api.com/core/Run.php(67): core\\Run->inst(Array, 'api', 'call', Array)\n#1 /srv/http/api.com/core/Run.php(26): core\\Run->urlMapping(Array)\n#2 /srv/http/api.com/index.php(13): core\\Run->route(Array)\n#3 {main}\n  thrown in /srv/http/api.com/core/Run.php on line 74
[Sat Jan 13 19:13:01.901573 2018] [php7:notice] [pid 1359] [client 127.0.0.1:43728] PHP Notice:  Undefined variable: urls in /srv/http/api.com/modules/views/info.php on line 9
[Sat Jan 13 19:13:01.901635 2018] [php7:warn] [pid 1359] [client 127.0.0.1:43728] PHP Warning:  Invalid argument supplied for foreach() in /srv/http/api.com/modules/views/info.php on line 9
[Sat Jan 13 19:17:22.886322 2018] [php7:emerg] [pid 1362] [client 127.0.0.1:43766] PHP Parse error:  syntax error, unexpected 'private' (T_PRIVATE) in /srv/http/api.com/core/Run.php on line 94
[Sat Jan 13 19:17:33.693770 2018] [php7:notice] [pid 1361] [client 127.0.0.1:43768] PHP Notice:  Undefined variable: urls in /srv/http/api.com/modules/views/info.php on line 9
[Sat Jan 13 19:17:33.693838 2018] [php7:warn] [pid 1361] [client 127.0.0.1:43768] PHP Warning:  Invalid argument supplied for foreach() in /srv/http/api.com/modules/views/info.php on line 9
[Sat Jan 13 19:17:38.034432 2018] [php7:error] [pid 1361] [client 127.0.0.1:43768] PHP Fatal error:  Uncaught Error: Class 'core\\Exception' not found in /srv/http/api.com/core/Run.php:102\nStack trace:\n#0 /srv/http/api.com/core/Run.php(73): core\\Run::throwError(Array, 'Request Not Fou...')\n#1 /srv/http/api.com/core/Run.php(67): core\\Run->inst(Array, NULL, NULL, Array)\n#2 /srv/http/api.com/core/Run.php(26): core\\Run->urlMapping(Array)\n#3 /srv/http/api.com/index.php(13): core\\Run->route(Array)\n#4 {main}\n  thrown in /srv/http/api.com/core/Run.php on line 102
[Sat Jan 13 19:17:48.895090 2018] [php7:error] [pid 1363] [client 127.0.0.1:43774] PHP Fatal error:  Uncaught Exception: Request Not Found1 in /srv/http/api.com/core/Run.php:102\nStack trace:\n#0 /srv/http/api.com/core/Run.php(73): core\\Run::throwError(Array, 'Request Not Fou...')\n#1 /srv/http/api.com/core/Run.php(67): core\\Run->inst(Array, NULL, NULL, Array)\n#2 /srv/http/api.com/core/Run.php(26): core\\Run->urlMapping(Array)\n#3 /srv/http/api.com/index.php(13): core\\Run->route(Array)\n#4 {main}\n  thrown in /srv/http/api.com/core/Run.php on line 102
[Sat Jan 13 19:18:51.791604 2018] [php7:notice] [pid 1359] [client 127.0.0.1:43782] PHP Notice:  Undefined variable: urls in /srv/http/api.com/modules/views/info.php on line 9
